// Jest Snapshot v1, https://goo.gl/fbAQLP

exports[`CreateEvent component renders create event component correctly 1`] = `
<div>
  <div
    class="text-font"
    id="event-container"
  >
    <div
      class="m-4"
      id="button-container"
    >
      <button
        class="btn btn-primary"
        type="button"
      >
        Save & Return to Main Menu
      </button>
    </div>
    <div
      class="outline"
    >
      <form
        action="#"
      >
        <div
          class="row mt-2"
        >
          <div
            class="col-sm-4 left checkboxs"
          >
            <h4>
              Documents to Generate
            </h4>
            <div>
              <label>
                <input
                  class="mr-1"
                  id="IRP"
                  name="IRP"
                  type="checkbox"
                  value="false"
                />
                <span
                  style="margin-left: 5px;"
                >
                  Immediate Roadside Prohibition
                </span>
              </label>
            </div>
            <div>
              <label>
                <input
                  class="mr-1"
                  id="VI"
                  name="VI"
                  type="checkbox"
                  value="false"
                />
                <span
                  style="margin-left: 5px;"
                >
                  Vehicle Impound
                </span>
              </label>
            </div>
            <div>
              <label>
                <input
                  class="mr-1"
                  id="24Hour"
                  name="24Hour"
                  type="checkbox"
                  value="false"
                />
                <span
                  style="margin-left: 5px;"
                >
                  24-hour Driving Prohibition
                </span>
              </label>
            </div>
            <div>
              <label>
                <input
                  class="mr-1"
                  id="12Hour"
                  name="12Hour"
                  type="checkbox"
                  value="false"
                />
                <span
                  style="margin-left: 5px;"
                >
                  12-hour Driving Prohibition
                </span>
              </label>
            </div>
          </div>
          <div
            class="col-sm-4 form-id-border"
          >
            <h5>
              IRP number: 21-9876540
            </h5>
            <h5>
              VI number: 22-1234560
            </h5>
          </div>
          <div
            class="col-sm-4 time-of-completion center mt-5"
          >
            <span>
              Estimated time to complete:
            </span>
            <h5>
              12 minutes
            </h5>
          </div>
        </div>
        <div
          class="common-fields"
        >
          <div
            class="driver-info border-design-form left"
          >
            <h3>
              Driver's Information
            </h3>
            <div>
              <div
                class="row"
                style="min-height: 85px;"
              >
                <div
                  class=" col-sm-4"
                >
                  <div>
                    <label
                      for="drivers-number"
                    >
                      Driver's Licence Number
                    </label>
                    <input
                      class="field-height field-width"
                      id="drivers-number"
                      name="drivers-number"
                      type="text"
                      value=""
                    />
                  </div>
                </div>
                <div
                  class=" col-sm-1 mt-4 pr-2"
                >
                  <button
                    class="slim-button btn btn-primary"
                    type="button"
                  >
                    ICBC Prefill
                  </button>
                </div>
                <div
                  class=" col-sm-1 mt-4 left"
                >
                  <button
                    class="slim-button btn btn-primary"
                    type="button"
                  >
                    Scan DL
                  </button>
                </div>
                <div
                  class="col-sm-6"
                >
                  <div>
                    <label
                      for="drivers-licence-jurisdiction"
                    >
                      Province / State/ International
                    </label>
                    <div
                      class="field-height field-width css-b62m3t-container"
                    >
                      <span
                        class="css-1f43avz-a11yText-A11yText"
                        id="react-select-2-live-region"
                      />
                      <span
                        aria-atomic="false"
                        aria-live="polite"
                        aria-relevant="additions text"
                        class="css-1f43avz-a11yText-A11yText"
                      />
                      <div
                        class=" css-13cymwt-control"
                      >
                        <div
                          class=" css-1fdsijx-ValueContainer"
                        >
                          <div
                            class=" css-1dimb5e-singleValue"
                          >
                            BRITISH COLUMBIA
                          </div>
                          <div
                            class=" css-qbdosj-Input"
                            data-value=""
                          >
                            <input
                              aria-autocomplete="list"
                              aria-expanded="false"
                              aria-haspopup="true"
                              autocapitalize="none"
                              autocomplete="off"
                              autocorrect="off"
                              class=""
                              id="drivers-licence-jurisdiction-select"
                              role="combobox"
                              spellcheck="false"
                              style="opacity: 1; width: 100%; grid-area: 1 / 2; min-width: 2px; border: 0px; margin: 0px; outline: 0; padding: 0px;"
                              tabindex="0"
                              type="text"
                              value=""
                            />
                          </div>
                        </div>
                        <div
                          class=" css-1hb7zxy-IndicatorsContainer"
                        >
                          <span
                            class=" css-1u9des2-indicatorSeparator"
                          />
                          <div
                            aria-hidden="true"
                            class=" css-1xc3v61-indicatorContainer"
                          >
                            <svg
                              aria-hidden="true"
                              class="css-tj5bde-Svg"
                              focusable="false"
                              height="20"
                              viewBox="0 0 20 20"
                              width="20"
                            >
                              <path
                                d="M4.516 7.548c0.436-0.446 1.043-0.481 1.576 0l3.908 3.747 3.908-3.747c0.533-0.481 1.141-0.446 1.574 0 0.436 0.445 0.408 1.197 0 1.615-0.406 0.418-4.695 4.502-4.695 4.502-0.217 0.223-0.502 0.335-0.787 0.335s-0.57-0.112-0.789-0.335c0 0-4.287-4.084-4.695-4.502s-0.436-1.17 0-1.615z"
                              />
                            </svg>
                          </div>
                        </div>
                      </div>
                      <input
                        name="drivers-licence-jurisdiction"
                        type="hidden"
                        value="BC"
                      />
                    </div>
                    <input
                      id="drivers-licence-jurisdiction"
                      name="drivers-licence-jurisdiction"
                      type="hidden"
                      value="{\\"value\\":\\"BC\\",\\"label\\":\\"BRITISH COLUMBIA\\"}"
                    />
                  </div>
                </div>
              </div>
              <div
                class="row"
                style="min-height: 85px;"
              >
                <div
                  class=" col-sm-4"
                >
                  <div>
                    <label
                      for="last-name"
                    >
                      Last Name
                      <span
                        class="required-asterisk"
                      >
                         *
                      </span>
                    </label>
                    <input
                      class="field-height field-width"
                      id="last-name"
                      name="last-name"
                      type="text"
                      value=""
                    />
                  </div>
                </div>
                <div
                  class=" col-sm-4"
                >
                  <div>
                    <label
                      for="given-name"
                    >
                      Given Name
                    </label>
                    <input
                      class="field-height field-width"
                      id="given-name"
                      name="given-name"
                      type="text"
                      value=""
                    />
                  </div>
                </div>
                <div
                  class=" col-sm-4"
                >
                  <div>
                    <div>
                      <label
                        for="dob"
                      >
                        Date Of Birth( 0 yrs )
                      </label>
                      <div
                        class="d-flex align-items-center"
                      >
                        <div
                          class="react-datepicker-wrapper"
                        >
                          <div
                            class="react-datepicker__input-container "
                          >
                            <span
                              aria-live="polite"
                              class="react-datepicker__aria-live"
                              role="alert"
                            />
                            <input
                              class="form-control false"
                              id="dob"
                              name="dob"
                              placeholder="YYYYMMDD"
                              type="text"
                              value=""
                            />
                          </div>
                        </div>
                        <div>
                          <svg
                            aria-hidden="true"
                            class="MuiSvgIcon-root MuiSvgIcon-fontSizeMedium css-i4bv87-MuiSvgIcon-root"
                            data-testid="CalendarTodayIcon"
                            focusable="false"
                            viewBox="0 0 24 24"
                          >
                            <path
                              d="M20 3h-1V1h-2v2H7V1H5v2H4c-1.1 0-2 .9-2 2v16c0 1.1.9 2 2 2h16c1.1 0 2-.9 2-2V5c0-1.1-.9-2-2-2zm0 18H4V8h16v13z"
                            />
                          </svg>
                        </div>
                      </div>
                    </div>
                  </div>
                </div>
              </div>
              <div
                class="row"
                style="min-height: 85px;"
              >
                <div
                  class=" col-sm-9"
                >
                  <div>
                    <label
                      for="address"
                    >
                      Address
                      <span
                        class="required-asterisk"
                      >
                         *
                      </span>
                    </label>
                    <input
                      class="field-height field-width"
                      id="address"
                      name="address"
                      type="text"
                      value=""
                    />
                  </div>
                </div>
                <div
                  class=" col-sm-3"
                >
                  <div>
                    <label
                      for="phone"
                    >
                      Phone number
                    </label>
                    <input
                      class="field-height field-width"
                      id="phone"
                      maxlength="12"
                      name="phone"
                      pattern="\\\\d{3}-\\\\d{3}-\\\\d{4}"
                      placeholder="###-###-####"
                      type="tel"
                      value=""
                    />
                  </div>
                </div>
              </div>
              <div
                class="row"
                style="min-height: 85px;"
              >
                <div
                  class=" col-sm-4"
                >
                  <div>
                    <label
                      for="city"
                    >
                      City
                      <span
                        class="required-asterisk"
                      >
                         *
                      </span>
                    </label>
                    <input
                      class="field-height field-width"
                      id="city"
                      name="city"
                      type="text"
                      value=""
                    />
                  </div>
                </div>
                <div
                  class=" col-sm-4"
                >
                  <div>
                    <label
                      for="prov-state"
                    >
                      Province / State
                      <span
                        class="required-asterisk"
                      >
                        *
                      </span>
                    </label>
                    <div
                      class="field-height field-width css-b62m3t-container"
                    >
                      <span
                        class="css-1f43avz-a11yText-A11yText"
                        id="react-select-3-live-region"
                      />
                      <span
                        aria-atomic="false"
                        aria-live="polite"
                        aria-relevant="additions text"
                        class="css-1f43avz-a11yText-A11yText"
                      />
                      <div
                        class=" css-13cymwt-control"
                      >
                        <div
                          class=" css-1fdsijx-ValueContainer"
                        >
                          <div
                            class=" css-1dimb5e-singleValue"
                          >
                            BRITISH COLUMBIA
                          </div>
                          <div
                            class=" css-qbdosj-Input"
                            data-value=""
                          >
                            <input
                              aria-autocomplete="list"
                              aria-expanded="false"
                              aria-haspopup="true"
                              autocapitalize="none"
                              autocomplete="off"
                              autocorrect="off"
                              class=""
                              id="prov-state-select"
                              role="combobox"
                              spellcheck="false"
                              style="opacity: 1; width: 100%; grid-area: 1 / 2; min-width: 2px; border: 0px; margin: 0px; outline: 0; padding: 0px;"
                              tabindex="0"
                              type="text"
                              value=""
                            />
                          </div>
                        </div>
                        <div
                          class=" css-1hb7zxy-IndicatorsContainer"
                        >
                          <span
                            class=" css-1u9des2-indicatorSeparator"
                          />
                          <div
                            aria-hidden="true"
                            class=" css-1xc3v61-indicatorContainer"
                          >
                            <svg
                              aria-hidden="true"
                              class="css-tj5bde-Svg"
                              focusable="false"
                              height="20"
                              viewBox="0 0 20 20"
                              width="20"
                            >
                              <path
                                d="M4.516 7.548c0.436-0.446 1.043-0.481 1.576 0l3.908 3.747 3.908-3.747c0.533-0.481 1.141-0.446 1.574 0 0.436 0.445 0.408 1.197 0 1.615-0.406 0.418-4.695 4.502-4.695 4.502-0.217 0.223-0.502 0.335-0.787 0.335s-0.57-0.112-0.789-0.335c0 0-4.287-4.084-4.695-4.502s-0.436-1.17 0-1.615z"
                              />
                            </svg>
                          </div>
                        </div>
                      </div>
                      <input
                        name="prov-state"
                        type="hidden"
                        value="BC"
                      />
                    </div>
                    <input
                      id="prov-state"
                      name="prov-state"
                      type="hidden"
                      value="{\\"value\\":\\"BC\\",\\"label\\":\\"BRITISH COLUMBIA\\"}"
                    />
                  </div>
                </div>
                <div
                  class=" col-sm-4"
                >
                  <div>
                    <label
                      for="postal-code"
                    >
                      Postal / Zip
                    </label>
                    <input
                      class="field-height field-width"
                      id="postal-code"
                      name="postal-code"
                      value=""
                    />
                  </div>
                </div>
              </div>
            </div>
          </div>
          <div
            class="vehicle-info border-design-form left"
          >
            <h3>
              Vehicle Information
            </h3>
            <div>
              <div
                class="row"
                style="min-height: 85px;"
              >
                <div
                  class="col-sm-5"
                >
                  <div>
                    <label
                      for="vehicle-jurisdiction"
                    >
                      Jurisdiction
                    </label>
                    <div
                      class="field-height field-width css-b62m3t-container"
                    >
                      <span
                        class="css-1f43avz-a11yText-A11yText"
                        id="react-select-4-live-region"
                      />
                      <span
                        aria-atomic="false"
                        aria-live="polite"
                        aria-relevant="additions text"
                        class="css-1f43avz-a11yText-A11yText"
                      />
                      <div
                        class=" css-13cymwt-control"
                      >
                        <div
                          class=" css-1fdsijx-ValueContainer"
                        >
                          <div
                            class=" css-1dimb5e-singleValue"
                          >
                            BRITISH COLUMBIA
                          </div>
                          <div
                            class=" css-qbdosj-Input"
                            data-value=""
                          >
                            <input
                              aria-autocomplete="list"
                              aria-expanded="false"
                              aria-haspopup="true"
                              autocapitalize="none"
                              autocomplete="off"
                              autocorrect="off"
                              class=""
                              id="vehicle-jurisdiction-select"
                              role="combobox"
                              spellcheck="false"
                              style="opacity: 1; width: 100%; grid-area: 1 / 2; min-width: 2px; border: 0px; margin: 0px; outline: 0; padding: 0px;"
                              tabindex="0"
                              type="text"
                              value=""
                            />
                          </div>
                        </div>
                        <div
                          class=" css-1hb7zxy-IndicatorsContainer"
                        >
                          <span
                            class=" css-1u9des2-indicatorSeparator"
                          />
                          <div
                            aria-hidden="true"
                            class=" css-1xc3v61-indicatorContainer"
                          >
                            <svg
                              aria-hidden="true"
                              class="css-tj5bde-Svg"
                              focusable="false"
                              height="20"
                              viewBox="0 0 20 20"
                              width="20"
                            >
                              <path
                                d="M4.516 7.548c0.436-0.446 1.043-0.481 1.576 0l3.908 3.747 3.908-3.747c0.533-0.481 1.141-0.446 1.574 0 0.436 0.445 0.408 1.197 0 1.615-0.406 0.418-4.695 4.502-4.695 4.502-0.217 0.223-0.502 0.335-0.787 0.335s-0.57-0.112-0.789-0.335c0 0-4.287-4.084-4.695-4.502s-0.436-1.17 0-1.615z"
                              />
                            </svg>
                          </div>
                        </div>
                      </div>
                      <input
                        name="vehicle-jurisdiction"
                        type="hidden"
                        value="BC"
                      />
                    </div>
                    <input
                      id="vehicle-jurisdiction"
                      name="vehicle-jurisdiction"
                      type="hidden"
                      value="{\\"value\\":\\"BC\\",\\"label\\":\\"BRITISH COLUMBIA\\"}"
                    />
                  </div>
                </div>
                <div
                  class=" col-sm-5"
                >
                  <div>
                    <label
                      for="plate-number"
                    >
                      Plate Number
                    </label>
                    <input
                      class="field-height field-width"
                      id="plate-number"
                      name="plate-number"
                      type="text"
                      value=""
                    />
                  </div>
                </div>
                <div
                  class=" col-sm-1 mt-4"
                >
                  <button
                    class="slim-button btn btn-primary"
                    type="button"
                  >
                    ICBC Prefill
                  </button>
                </div>
              </div>
              <div
                class="row"
                style="min-height: 85px;"
              >
                <div
                  class=" col-sm-5"
                >
                  <div>
                    <label
                      for="registration-number"
                    >
                      Registration Number
                    </label>
                    <input
                      class="field-height field-width"
                      id="registration-number"
                      name="registration-number"
                      type="text"
                      value=""
                    />
                  </div>
                </div>
              </div>
              <div
                class="row"
                style="min-height: 85px;"
              >
                <div
                  class=" col-sm-3"
                >
                  <div>
                    <label
                      for="vehicle-year"
                    >
                      Vehicle Year
                    </label>
                    <div
                      class="field-height field-width css-b62m3t-container"
                    >
                      <span
                        class="css-1f43avz-a11yText-A11yText"
                        id="react-select-5-live-region"
                      />
                      <span
                        aria-atomic="false"
                        aria-live="polite"
                        aria-relevant="additions text"
                        class="css-1f43avz-a11yText-A11yText"
                      />
                      <div
                        class=" css-13cymwt-control"
                      >
                        <div
                          class=" css-1fdsijx-ValueContainer"
                        >
                          <div
                            class=" css-1jqq78o-placeholder"
                            id="react-select-5-placeholder"
                          >
                            Select...
                          </div>
                          <div
                            class=" css-qbdosj-Input"
                            data-value=""
                          >
                            <input
                              aria-autocomplete="list"
                              aria-describedby="react-select-5-placeholder"
                              aria-expanded="false"
                              aria-haspopup="true"
                              autocapitalize="none"
                              autocomplete="off"
                              autocorrect="off"
                              class=""
                              id="vehicle-year-select"
                              role="combobox"
                              spellcheck="false"
                              style="opacity: 1; width: 100%; grid-area: 1 / 2; min-width: 2px; border: 0px; margin: 0px; outline: 0; padding: 0px;"
                              tabindex="0"
                              type="text"
                              value=""
                            />
                          </div>
                        </div>
                        <div
                          class=" css-1hb7zxy-IndicatorsContainer"
                        >
                          <span
                            class=" css-1u9des2-indicatorSeparator"
                          />
                          <div
                            aria-hidden="true"
                            class=" css-1xc3v61-indicatorContainer"
                          >
                            <svg
                              aria-hidden="true"
                              class="css-tj5bde-Svg"
                              focusable="false"
                              height="20"
                              viewBox="0 0 20 20"
                              width="20"
                            >
                              <path
                                d="M4.516 7.548c0.436-0.446 1.043-0.481 1.576 0l3.908 3.747 3.908-3.747c0.533-0.481 1.141-0.446 1.574 0 0.436 0.445 0.408 1.197 0 1.615-0.406 0.418-4.695 4.502-4.695 4.502-0.217 0.223-0.502 0.335-0.787 0.335s-0.57-0.112-0.789-0.335c0 0-4.287-4.084-4.695-4.502s-0.436-1.17 0-1.615z"
                              />
                            </svg>
                          </div>
                        </div>
                      </div>
                      <input
                        name="vehicle-year"
                        type="hidden"
                        value=""
                      />
                    </div>
                    <input
                      id="vehicle-year"
                      name="vehicle-year"
                      type="hidden"
                      value=""
                    />
                  </div>
                </div>
                <div
                  class=" col-sm-3"
                >
                  <div>
                    <label
                      for="vehicle-make-model"
                    >
                      Vehicle Make and Model
                    </label>
                    <div
                      class="field-height field-width css-b62m3t-container"
                    >
                      <span
                        class="css-1f43avz-a11yText-A11yText"
                        id="react-select-6-live-region"
                      />
                      <span
                        aria-atomic="false"
                        aria-live="polite"
                        aria-relevant="additions text"
                        class="css-1f43avz-a11yText-A11yText"
                      />
                      <div
                        class=" css-13cymwt-control"
                      >
                        <div
                          class=" css-1fdsijx-ValueContainer"
                        >
                          <div
                            class=" css-1jqq78o-placeholder"
                            id="react-select-6-placeholder"
                          >
                            Select...
                          </div>
                          <div
                            class=" css-qbdosj-Input"
                            data-value=""
                          >
                            <input
                              aria-autocomplete="list"
                              aria-describedby="react-select-6-placeholder"
                              aria-expanded="false"
                              aria-haspopup="true"
                              autocapitalize="none"
                              autocomplete="off"
                              autocorrect="off"
                              class=""
                              id="vehicle-make-model-select"
                              role="combobox"
                              spellcheck="false"
                              style="opacity: 1; width: 100%; grid-area: 1 / 2; min-width: 2px; border: 0px; margin: 0px; outline: 0; padding: 0px;"
                              tabindex="0"
                              type="text"
                              value=""
                            />
                          </div>
                        </div>
                        <div
                          class=" css-1hb7zxy-IndicatorsContainer"
                        >
                          <span
                            class=" css-1u9des2-indicatorSeparator"
                          />
                          <div
                            aria-hidden="true"
                            class=" css-1xc3v61-indicatorContainer"
                          >
                            <svg
                              aria-hidden="true"
                              class="css-tj5bde-Svg"
                              focusable="false"
                              height="20"
                              viewBox="0 0 20 20"
                              width="20"
                            >
                              <path
                                d="M4.516 7.548c0.436-0.446 1.043-0.481 1.576 0l3.908 3.747 3.908-3.747c0.533-0.481 1.141-0.446 1.574 0 0.436 0.445 0.408 1.197 0 1.615-0.406 0.418-4.695 4.502-4.695 4.502-0.217 0.223-0.502 0.335-0.787 0.335s-0.57-0.112-0.789-0.335c0 0-4.287-4.084-4.695-4.502s-0.436-1.17 0-1.615z"
                              />
                            </svg>
                          </div>
                        </div>
                      </div>
                      <input
                        name="vehicle-make-model"
                        type="hidden"
                        value=""
                      />
                    </div>
                    <input
                      id="vehicle-make-model"
                      name="vehicle-make-model"
                      type="hidden"
                      value=""
                    />
                  </div>
                </div>
                <div
                  class=" col-sm-3"
                >
                  <div>
                    <label
                      for="vehicle-style"
                    >
                      Vehicle Style
                    </label>
                    <div
                      class="field-height field-width css-b62m3t-container"
                    >
                      <span
                        class="css-1f43avz-a11yText-A11yText"
                        id="react-select-7-live-region"
                      />
                      <span
                        aria-atomic="false"
                        aria-live="polite"
                        aria-relevant="additions text"
                        class="css-1f43avz-a11yText-A11yText"
                      />
                      <div
                        class=" css-13cymwt-control"
                      >
                        <div
                          class=" css-1fdsijx-ValueContainer"
                        >
                          <div
                            class=" css-1jqq78o-placeholder"
                            id="react-select-7-placeholder"
                          >
                            Select...
                          </div>
                          <div
                            class=" css-qbdosj-Input"
                            data-value=""
                          >
                            <input
                              aria-autocomplete="list"
                              aria-describedby="react-select-7-placeholder"
                              aria-expanded="false"
                              aria-haspopup="true"
                              autocapitalize="none"
                              autocomplete="off"
                              autocorrect="off"
                              class=""
                              id="vehicle-style-select"
                              role="combobox"
                              spellcheck="false"
                              style="opacity: 1; width: 100%; grid-area: 1 / 2; min-width: 2px; border: 0px; margin: 0px; outline: 0; padding: 0px;"
                              tabindex="0"
                              type="text"
                              value=""
                            />
                          </div>
                        </div>
                        <div
                          class=" css-1hb7zxy-IndicatorsContainer"
                        >
                          <span
                            class=" css-1u9des2-indicatorSeparator"
                          />
                          <div
                            aria-hidden="true"
                            class=" css-1xc3v61-indicatorContainer"
                          >
                            <svg
                              aria-hidden="true"
                              class="css-tj5bde-Svg"
                              focusable="false"
                              height="20"
                              viewBox="0 0 20 20"
                              width="20"
                            >
                              <path
                                d="M4.516 7.548c0.436-0.446 1.043-0.481 1.576 0l3.908 3.747 3.908-3.747c0.533-0.481 1.141-0.446 1.574 0 0.436 0.445 0.408 1.197 0 1.615-0.406 0.418-4.695 4.502-4.695 4.502-0.217 0.223-0.502 0.335-0.787 0.335s-0.57-0.112-0.789-0.335c0 0-4.287-4.084-4.695-4.502s-0.436-1.17 0-1.615z"
                              />
                            </svg>
                          </div>
                        </div>
                      </div>
                      <input
                        name="vehicle-style"
                        type="hidden"
                        value=""
                      />
                    </div>
                    <input
                      id="vehicle-style"
                      name="vehicle-style"
                      type="hidden"
                      value=""
                    />
                  </div>
                </div>
                <div
                  class=" col-sm-3"
                >
                  <label
                    for="vehicle-colour"
                  >
                    Vehicle Colour(s)
                  </label>
                   
                  <button
                    class="slim-button btn btn-primary"
                    type="button"
                  >
                    Edit
                  </button>
                  <div
                    class=" css-b62m3t-container"
                  >
                    <span
                      class="css-1f43avz-a11yText-A11yText"
                      id="react-select-8-live-region"
                    />
                    <span
                      aria-atomic="false"
                      aria-live="polite"
                      aria-relevant="additions text"
                      class="css-1f43avz-a11yText-A11yText"
                    />
                    <div
                      class=" css-13cymwt-control"
                    >
                      <div
                        class=" css-1fdsijx-ValueContainer"
                      >
                        <div
                          class=" css-1jqq78o-placeholder"
                          id="react-select-8-placeholder"
                        >
                          Select...
                        </div>
                        <div
                          class=" css-qbdosj-Input"
                          data-value=""
                        >
                          <input
                            aria-autocomplete="list"
                            aria-describedby="react-select-8-placeholder"
                            aria-expanded="false"
                            aria-haspopup="true"
                            autocapitalize="none"
                            autocomplete="off"
                            autocorrect="off"
                            class=""
                            id="vehicle-colour"
                            role="combobox"
                            spellcheck="false"
                            style="opacity: 1; width: 100%; grid-area: 1 / 2; min-width: 2px; border: 0px; margin: 0px; outline: 0; padding: 0px;"
                            tabindex="0"
                            type="text"
                            value=""
                          />
                        </div>
                      </div>
                      <div
                        class=" css-1hb7zxy-IndicatorsContainer"
                      >
                        <span
                          class=" css-1u9des2-indicatorSeparator"
                        />
                        <div
                          aria-hidden="true"
                          class=" css-1xc3v61-indicatorContainer"
                        >
                          <svg
                            aria-hidden="true"
                            class="css-tj5bde-Svg"
                            focusable="false"
                            height="20"
                            viewBox="0 0 20 20"
                            width="20"
                          >
                            <path
                              d="M4.516 7.548c0.436-0.446 1.043-0.481 1.576 0l3.908 3.747 3.908-3.747c0.533-0.481 1.141-0.446 1.574 0 0.436 0.445 0.408 1.197 0 1.615-0.406 0.418-4.695 4.502-4.695 4.502-0.217 0.223-0.502 0.335-0.787 0.335s-0.57-0.112-0.789-0.335c0 0-4.287-4.084-4.695-4.502s-0.436-1.17 0-1.615z"
                            />
                          </svg>
                        </div>
                      </div>
                    </div>
                  </div>
                </div>
              </div>
              <div
                class="row"
                style="min-height: 85px;"
              >
                <div
                  class=" col-sm-5"
                >
                  <div>
                    <label
                      for="vin-number"
                    >
                      VIN Number
                    </label>
                    <input
                      class="field-height field-width"
                      id="vin-number"
                      name="vin-number"
                      type="text"
                      value=""
                    />
                  </div>
                </div>
                <div
                  class=" col-sm-3"
                >
                  <div>
                    <label
                      for="nsc-prov-state"
                    >
                      NSC Prov / State
                    </label>
                    <div
                      class="field-height field-width css-b62m3t-container"
                    >
                      <span
                        class="css-1f43avz-a11yText-A11yText"
                        id="react-select-9-live-region"
                      />
                      <span
                        aria-atomic="false"
                        aria-live="polite"
                        aria-relevant="additions text"
                        class="css-1f43avz-a11yText-A11yText"
                      />
                      <div
                        class=" css-13cymwt-control"
                      >
                        <div
                          class=" css-1fdsijx-ValueContainer"
                        >
                          <div
                            class=" css-1dimb5e-singleValue"
                          >
                            BRITISH COLUMBIA
                          </div>
                          <div
                            class=" css-qbdosj-Input"
                            data-value=""
                          >
                            <input
                              aria-autocomplete="list"
                              aria-expanded="false"
                              aria-haspopup="true"
                              autocapitalize="none"
                              autocomplete="off"
                              autocorrect="off"
                              class=""
                              id="nsc-prov-state-select"
                              role="combobox"
                              spellcheck="false"
                              style="opacity: 1; width: 100%; grid-area: 1 / 2; min-width: 2px; border: 0px; margin: 0px; outline: 0; padding: 0px;"
                              tabindex="0"
                              type="text"
                              value=""
                            />
                          </div>
                        </div>
                        <div
                          class=" css-1hb7zxy-IndicatorsContainer"
                        >
                          <span
                            class=" css-1u9des2-indicatorSeparator"
                          />
                          <div
                            aria-hidden="true"
                            class=" css-1xc3v61-indicatorContainer"
                          >
                            <svg
                              aria-hidden="true"
                              class="css-tj5bde-Svg"
                              focusable="false"
                              height="20"
                              viewBox="0 0 20 20"
                              width="20"
                            >
                              <path
                                d="M4.516 7.548c0.436-0.446 1.043-0.481 1.576 0l3.908 3.747 3.908-3.747c0.533-0.481 1.141-0.446 1.574 0 0.436 0.445 0.408 1.197 0 1.615-0.406 0.418-4.695 4.502-4.695 4.502-0.217 0.223-0.502 0.335-0.787 0.335s-0.57-0.112-0.789-0.335c0 0-4.287-4.084-4.695-4.502s-0.436-1.17 0-1.615z"
                              />
                            </svg>
                          </div>
                        </div>
                      </div>
                      <input
                        name="nsc-prov-state"
                        type="hidden"
                        value="BC"
                      />
                    </div>
                    <input
                      id="nsc-prov-state"
                      name="nsc-prov-state"
                      type="hidden"
                      value="{\\"value\\":\\"BC\\",\\"label\\":\\"BRITISH COLUMBIA\\"}"
                    />
                  </div>
                </div>
                <div
                  class=" col-sm-4"
                >
                  <div>
                    <label
                      for="nsc-number"
                    >
                      NSC Number
                    </label>
                    <input
                      class="field-height field-width"
                      id="nsc-number"
                      name="nsc-number"
                      type="text"
                      value=""
                    />
                  </div>
                </div>
              </div>
            </div>
          </div>
          <div
            class="registered-owner-info border-design-form left"
          >
            <div
              class="row"
              style="min-height: 40px;"
            >
              <div
                class="col-sm-10"
              >
                <h3>
                  Registered Owner
                </h3>
              </div>
              <div
                class="col-sm-2 right"
              >
                <button
                  class="slim-button btn btn-primary"
                  type="button"
                >
                  Fill from driver
                </button>
              </div>
            </div>
            <div
              class="row"
              style="min-height: 85px;"
            >
              <div
                class="col-sm-12 mt-4"
              >
                <div>
                  <label>
                    <input
                      class="mr-1"
                      id="owned-by-corp"
                      name="owned-by-corp"
                      type="checkbox"
                      value="false"
                    />
                    <span
                      style="margin-left: 5px;"
                    >
                      Owned by Corporate Entity
                    </span>
                  </label>
                </div>
              </div>
            </div>
            <div
              class="row"
              style="min-height: 85px;"
            >
              <div
                class="col-sm-6"
              >
                <div>
                  <label
                    for="owner-last-name"
                  >
                    Owner's Last Name
                  </label>
                  <input
                    class="field-height field-width"
                    id="owner-last-name"
                    name="owner-last-name"
                    value=""
                  />
                </div>
              </div>
              <div
                class="col-sm-6"
              >
                <div>
                  <label
                    for="owner-first-name"
                  >
                    Owner's First Name
                  </label>
                  <input
                    class="field-height field-width"
                    id="owner-first-name"
                    name="owner-first-name"
                    value=""
                  />
                </div>
              </div>
            </div>
            <div
              class="row"
              style="min-height: 85px;"
            >
              <div
                class=" col-sm-9"
              >
                <div>
                  <label
                    for="registered-owner-address"
                  >
                    Address
                  </label>
                  <input
                    class="field-height field-width"
                    id="registered-owner-address"
                    name="registered-owner-address"
                    type="text"
                    value=""
                  />
                </div>
              </div>
              <div
                class=" col-sm-3"
              >
                <div>
                  <label
                    for="registered-owner-phone"
                  >
                    Phone number
                  </label>
                  <input
                    class="field-height field-width"
                    id="registered-owner-phone"
                    maxlength="12"
                    name="registered-owner-phone"
                    pattern="\\\\d{3}-\\\\d{3}-\\\\d{4}"
                    placeholder="###-###-####"
                    type="tel"
                    value=""
                  />
                </div>
              </div>
            </div>
            <div
              class="row"
              style="min-height: 85px;"
            >
              <div
                class=" col-sm-4"
              >
                <div>
                  <label
                    for="registered-owner-city"
                  >
                    City
                  </label>
                  <input
                    class="field-height field-width"
                    id="registered-owner-city"
                    name="registered-owner-city"
                    type="text"
                    value=""
                  />
                </div>
              </div>
              <div
                class=" col-sm-4"
              >
                <div>
                  <label
                    for="registered-owner-prov-state"
                  >
                    Province / State
                  </label>
                  <div
                    class="field-height field-width css-b62m3t-container"
                  >
                    <span
                      class="css-1f43avz-a11yText-A11yText"
                      id="react-select-10-live-region"
                    />
                    <span
                      aria-atomic="false"
                      aria-live="polite"
                      aria-relevant="additions text"
                      class="css-1f43avz-a11yText-A11yText"
                    />
                    <div
                      class=" css-13cymwt-control"
                    >
                      <div
                        class=" css-1fdsijx-ValueContainer"
                      >
                        <div
                          class=" css-1dimb5e-singleValue"
                        />
                        <div
                          class=" css-qbdosj-Input"
                          data-value=""
                        >
                          <input
                            aria-autocomplete="list"
                            aria-expanded="false"
                            aria-haspopup="true"
                            autocapitalize="none"
                            autocomplete="off"
                            autocorrect="off"
                            class=""
                            id="registered-owner-prov-state-select"
                            role="combobox"
                            spellcheck="false"
                            style="opacity: 1; width: 100%; grid-area: 1 / 2; min-width: 2px; border: 0px; margin: 0px; outline: 0; padding: 0px;"
                            tabindex="0"
                            type="text"
                            value=""
                          />
                        </div>
                      </div>
                      <div
                        class=" css-1hb7zxy-IndicatorsContainer"
                      >
                        <span
                          class=" css-1u9des2-indicatorSeparator"
                        />
                        <div
                          aria-hidden="true"
                          class=" css-1xc3v61-indicatorContainer"
                        >
                          <svg
                            aria-hidden="true"
                            class="css-tj5bde-Svg"
                            focusable="false"
                            height="20"
                            viewBox="0 0 20 20"
                            width="20"
                          >
                            <path
                              d="M4.516 7.548c0.436-0.446 1.043-0.481 1.576 0l3.908 3.747 3.908-3.747c0.533-0.481 1.141-0.446 1.574 0 0.436 0.445 0.408 1.197 0 1.615-0.406 0.418-4.695 4.502-4.695 4.502-0.217 0.223-0.502 0.335-0.787 0.335s-0.57-0.112-0.789-0.335c0 0-4.287-4.084-4.695-4.502s-0.436-1.17 0-1.615z"
                            />
                          </svg>
                        </div>
                      </div>
                    </div>
                    <input
                      name="registered-owner-prov-state"
                      type="hidden"
                      value=""
                    />
                  </div>
                  <input
                    id="registered-owner-prov-state"
                    name="registered-owner-prov-state"
                    type="hidden"
                    value="{}"
                  />
                </div>
              </div>
              <div
                class=" col-sm-4"
              >
                <div>
                  <label
                    for="registered-owner-postal"
                  >
                    Postal / Zip
                  </label>
                  <input
                    class="field-height field-width"
                    id="registered-owner-postal"
                    name="registered-owner-postal"
                    value=""
                  />
                </div>
              </div>
            </div>
          </div>
        </div>
        <div
          class="officer-info border-design-form left"
        >
          <h3>
            Officer
          </h3>
          <div>
            <div
              class="row"
              style="min-height: 85px;"
            >
              <div
                class="col-sm-5"
              >
                <div>
                  <label
                    for="officer-lastname"
                  >
                    Last Name of Peace Officer Serving Prohibition Notice
                    <span
                      class="required-asterisk"
                    >
                       *
                    </span>
                  </label>
                  <input
                    class="field-height field-width"
                    id="officer-lastname"
                    name="officer-lastname"
                    type="text"
                    value=""
                  />
                </div>
              </div>
              <div
                class=" col-sm-3"
              >
                <div>
                  <label
                    for="officer-prime-id"
                  >
                    PRIME ID
                    <span
                      class="required-asterisk"
                    >
                       *
                    </span>
                  </label>
                  <input
                    class="field-height field-width"
                    id="officer-prime-id"
                    name="officer-prime-id"
                    type="text"
                    value=""
                  />
                </div>
              </div>
              <div
                class=" col-sm-4"
              >
                <div>
                  <label
                    for="officer-agency"
                  >
                    Agency or RCMP Detachment
                    <span
                      class="required-asterisk"
                    >
                       *
                    </span>
                  </label>
                  <input
                    class="field-height field-width"
                    id="officer-agency"
                    name="officer-agency"
                    type="text"
                    value=""
                  />
                </div>
              </div>
            </div>
          </div>
        </div>
        <div
          class="flex"
          id="button-container"
        >
          <div
            class="right"
          >
            <button
              class="btn btn-primary"
              type="button"
            >
              Next
            </button>
          </div>
        </div>
      </form>
    </div>
  </div>
</div>
`;
